Main: Prelude.undefined
CallStack (from HasCallStack):
  error, called at libraries/base/GHC/Err.hs:78:14 in base:GHC.Err
  undefined, called at ./Tasks.hs:279:10 in main:Tasks
